{
 "definition": "ssr-36m-nw-v1",
 "cutoff": "2026-08-31",
 "excluded_strategies": [
  "ggcem"
 ],
 "n_active": 219,
 "n_published": 177,
 "n_excluded_published": 3,
 "n_primary_published": 174,
 "n_eligible_primary": 173,
 "quantiles": {
  "0": 0.15340811829904052,
  "0.1": 0.3134224856428403,
  "0.25": 0.3604901053973685,
  "0.5": 0.43802082961853994,
  "0.75": 0.5262788270634997,
  "0.9": 0.6570773686922171,
  "1": 0.9814204212139787
 },
 "above": {
  "0.5": 55,
  "0.7": 12,
  "below_0.3": 16
 },
 "distinct_2dp": {
  "ssr": 55,
  "dsr": 30,
  "dsr_full_precision": 158,
  "dsr_exactly_1": 10,
  "dsr_1_at_2dp": 88
 },
 "history": {
  "months_min": 220,
  "months_median": 486.0,
  "months_max": 1274,
  "starts_before": {
   "1980": 34,
   "1990": 144,
   "2000": 166,
   "2008": 172
  },
  "end": [
   "2026-08"
  ],
  "strategies": 92
 },
 "spearman_full": {
  "sharpe_full": {
   "rho": 0.6712221136764231,
   "n": 173
  },
  "dsr": {
   "rho": 0.6096184944941339,
   "n": 173
  },
  "psr0": {
   "rho": 0.4653870109078033,
   "n": 173
  },
  "turnover": {
   "rho": 0.30777294917077264,
   "n": 173
  },
  "cagr": {
   "rho": 0.20025216794219744,
   "n": 173
  },
  "maxdd": {
   "rho": 0.4919995434145274,
   "n": 173
  }
 },
 "spearman_windows": {
  "full_vs_2000": {
   "rho": 0.8031177117192275,
   "n": 166
  },
  "full_vs_2008": {
   "rho": 0.3612107848050516,
   "n": 172
  },
  "2000_vs_2008": {
   "rho": 0.5297984925638222,
   "n": 166
  },
  "sharpe2000_vs_ssr2000": {
   "rho": 0.6677317886441207,
   "n": 166
  }
 },
 "groups": {
  "stype": {
   "taa": {
    "n": 142,
    "median": 0.45097478957176795,
    "p25": 0.37932679370892447,
    "p75": 0.5375734612385454
   },
   "static": {
    "n": 31,
    "median": 0.3709634167593057,
    "p25": 0.3193767446308042,
    "p75": 0.4692927703768311
   }
  },
  "freq": {
   "monthly": {
    "n": 121,
    "median": 0.47148365935997455,
    "p25": 0.38727531076272526,
    "p75": 0.5378534553701839
   },
   "daily": {
    "n": 24,
    "median": 0.37288891699756466,
    "p25": 0.31762465941381773,
    "p75": 0.4143694791935394
   },
   "annual": {
    "n": 17,
    "median": 0.33990010640792295,
    "p25": 0.31667282565465754,
    "p75": 0.46710188139368763
   },
   "quarterly": {
    "n": 10,
    "median": 0.4059267624855965,
    "p25": 0.34561922552518615,
    "p75": 0.46510203920134524
   },
   "weekly": {
    "n": 1,
    "median": 0.8090574175038108,
    "p25": 0.8090574175038108,
    "p75": 0.8090574175038108
   }
  },
  "leveraged": {
   "False": {
    "n": 121,
    "median": 0.4504326075367905,
    "p25": 0.3639710004594113,
    "p75": 0.5192128248070652
   },
   "True": {
    "n": 52,
    "median": 0.41304540941793905,
    "p25": 0.3456804667415092,
    "p75": 0.5401734017227646
   }
  },
  "risk": {
   "moderate": {
    "n": 105,
    "median": 0.4685931917976089,
    "p25": 0.374593258799315,
    "p75": 0.536405777763976
   },
   "aggressive": {
    "n": 46,
    "median": 0.38124515192682196,
    "p25": 0.32921168452444693,
    "p75": 0.42300086029019857
   },
   "conservative": {
    "n": 16,
    "median": 0.5016933660503452,
    "p25": 0.43438026156589643,
    "p75": 0.5138559685624643
   },
   "None": {
    "n": 6,
    "median": 0.47404811821894166,
    "p25": 0.41285490247915,
    "p75": 0.5280393921750143
   }
  }
 },
 "groups_mean_z_ann": {
  "conservative": 1.1801361838051112,
  "moderate": 1.106311671317029,
  "aggressive": 0.9318585437710581
 },
 "turnover_terciles": [
  {
   "tercile": 1,
   "range": [
    0.0,
    1.38
   ],
   "n": 57,
   "median_ssr": 0.40853543657403135,
   "median_sharpe": 0.98062833457561,
   "tactical": 26,
   "static": 31,
   "monthly": 23,
   "daily": 7,
   "annual_or_quarterly": 27,
   "leveraged": 14
  },
  {
   "tercile": 2,
   "range": [
    1.39,
    2.97
   ],
   "n": 57,
   "median_ssr": 0.4142051438939938,
   "median_sharpe": 1.0001227140001587,
   "tactical": 57,
   "static": 0,
   "monthly": 50,
   "daily": 7,
   "annual_or_quarterly": 0,
   "leveraged": 14
  },
  {
   "tercile": 3,
   "range": [
    2.97,
    14.61
   ],
   "n": 59,
   "median_ssr": 0.5010750959080975,
   "median_sharpe": 0.9967787490237097,
   "tactical": 59,
   "static": 0,
   "monthly": 48,
   "daily": 10,
   "annual_or_quarterly": 0,
   "leveraged": 24
  }
 ],
 "spearman_turnover_within_tactical": {
  "rho": 0.22766059446527961,
  "n": 142
 },
 "spearman_turnover_within_monthly_tactical": {
  "rho": 0.174562761689067,
  "n": 117
 },
 "zero_turnover_count": 1,
 "benchmarks": {
  "S&P 500 (VFINX)": {
   "start": "1976-09",
   "end": "2026-08",
   "months": 600,
   "sharpe_full": 0.7543038334821952,
   "ssr_full": 0.29619310690329065,
   "ssr_2000": 0.2949081284274998,
   "ssr_2008": 0.7378145090432977,
   "sub_pre2000": 0.395215236631527,
   "sub_2000s": 0.1489366914297214,
   "sub_2010s": 1.6298116858548197,
   "sub_2020s": 0.8066164161837391,
   "sub_2000s_n": 120
  },
  "US bonds (VBMFX)": {
   "start": "1987-01",
   "end": "2026-08",
   "months": 476,
   "sharpe_full": 0.9951595514753148,
   "ssr_full": 0.3238698629853235,
   "ssr_2000": 0.2954378383254091,
   "ssr_2008": 0.22946949974353026,
   "sub_pre2000": 0.6161579890707548,
   "sub_2000s": 1.052519132148606,
   "sub_2010s": 0.7751192264378258,
   "sub_2020s": -0.033734756084264635,
   "sub_2000s_n": 120
  },
  "Gold (GLD)": {
   "start": "2004-12",
   "end": "2026-08",
   "months": 261,
   "sharpe_full": 0.6748327156547226,
   "ssr_full": 0.20057717699718824,
   "ssr_2000": null,
   "ssr_2008": 0.17150819021711466,
   "sub_pre2000": null,
   "sub_2000s": null,
   "sub_2010s": -0.013562175229160494,
   "sub_2020s": 0.47845417706582993,
   "sub_2000s_n": 61
  },
  "Long Treasuries (TLT)": {
   "start": "2002-08",
   "end": "2026-08",
   "months": 289,
   "sharpe_full": 0.3222129393292062,
   "ssr_full": 0.15152989498584635,
   "ssr_2000": null,
   "ssr_2008": 0.10568413233191541,
   "sub_pre2000": null,
   "sub_2000s": 3.381376805283179,
   "sub_2010s": 0.7980548087548227,
   "sub_2020s": -0.47096709844291607,
   "sub_2000s_n": 89
  },
  "Nasdaq 100 (QQQ)": {
   "start": "1999-04",
   "end": "2026-08",
   "months": 329,
   "sharpe_full": 0.5562504225643439,
   "ssr_full": 0.26678210687926357,
   "ssr_2000": 0.3037410405575071,
   "ssr_2008": 0.8787727102586179,
   "sub_pre2000": null,
   "sub_2000s": 0.12858861668156996,
   "sub_2010s": 2.2301122623626672,
   "sub_2020s": 0.7024694544611362,
   "sub_2000s_n": 120
  },
  "Long Treasuries (VUSTX)": {
   "start": "1986-06",
   "end": "2026-08",
   "months": 483,
   "sharpe_full": 0.49874169610953817,
   "ssr_full": 0.23155477627651042,
   "ssr_2000": 0.18515399417478917,
   "ssr_2008": 0.11535604941531229,
   "sub_pre2000": 0.4942279243367565,
   "sub_2000s": 1.0815681438396398,
   "sub_2010s": 0.7514918076549638,
   "sub_2020s": -0.4047198049439216,
   "sub_2000s_n": 120
  },
  "60/40 (VFINX/VBMFX)": {
   "start": "1987-01",
   "end": "2026-08",
   "months": 476,
   "sharpe_full": 0.9279346864786003,
   "ssr_full": 0.33466663093168547,
   "ssr_2000": 0.3532206119365468,
   "ssr_2008": 0.6028447680625042,
   "sub_pre2000": 0.6283826297111776,
   "sub_2000s": 0.233956724550998,
   "sub_2010s": 1.602725590912535,
   "sub_2020s": 0.5899400147440549,
   "sub_2000s_n": 120
  }
 },
 "beat_S&P 500 (VFINX)": {
  "ssr_2000": [
   153,
   166
  ],
  "ssr_2008": [
   55,
   172
  ]
 },
 "beat_60/40 (VFINX/VBMFX)": {
  "ssr_2000": [
   136,
   166
  ],
  "ssr_2008": [
   98,
   172
  ]
 },
 "window_medians": {
  "w24": 0.4209453417464563,
  "w36": 0.43802082961853994,
  "w48": 0.4506876858786339,
  "w60": 0.47253440482479453
 },
 "window_rank_corr": {
  "w24_w36": 0.9587865893017107,
  "w24_w48": 0.9136979776874645,
  "w24_w60": 0.8552176729557562,
  "w36_w48": 0.9814630042309685,
  "w36_w60": 0.9372342607625479,
  "w48_w60": 0.9827771423406261
 },
 "bandwidth_medians": {
  "L5": 0.8733488136743982,
  "L15": 0.5792371455509805,
  "L35": 0.43802082961853994,
  "L71": 0.4149581043710018,
  "LNW": 0.8656382206941078
 },
 "bandwidth_rank_corr_vs_L35": {
  "L5": 0.9808210002514709,
  "L15": 0.9897163478085531,
  "L71": 0.9403399839846661,
  "LNW": 0.9758773378389498
 },
 "factorial": {
  "w24_L35_median": 0.4061210689649908,
  "w60_L35_median": 0.5375815776436687,
  "w24_L35_vs_w36_L35": 0.9862513804823837,
  "w60_L35_vs_w36_L35": 0.9694781573790479
 },
 "max_rank_move_L35_vs_L71": 49,
 "nw_rule_L_distribution": {
  "4": 7,
  "5": 154,
  "6": 12
 },
 "subperiod_n": {
  "pre2000": 160,
  "2000s": 172,
  "2010s": 173,
  "2020s": 174
 },
 "subperiod_obs_2020s": [
  80
 ],
 "subperiod_medians": {
  "pre2000": 0.6612301998759995,
  "2000s": 0.8223063266320676,
  "2010s": 1.0167145838386358,
  "2020s": 0.8197367993559455
 },
 "subperiod_medians_by_type": {
  "pre2000": {
   "taa": 0.6395532473652596,
   "static": 0.7048743845008393
  },
  "2000s": {
   "taa": 0.9389939277252917,
   "static": 0.35795412561080636
  },
  "2010s": {
   "taa": 0.8820786367846378,
   "static": 1.5754580501998081
  },
  "2020s": {
   "taa": 0.9930746941743936,
   "static": 0.6329643236403871
  }
 },
 "subperiod_rank_corr": {
  "pre2000|2000s": {
   "rho": -0.035162095311070854,
   "n": 160
  },
  "pre2000|2010s": {
   "rho": -0.016666214987878725,
   "n": 160
  },
  "pre2000|2020s": {
   "rho": -0.13412076816649596,
   "n": 160
  },
  "2000s|2010s": {
   "rho": -0.425214463855102,
   "n": 172
  },
  "2000s|2020s": {
   "rho": -0.07277561921831978,
   "n": 172
  },
  "2010s|2020s": {
   "rho": 0.07866402911963177,
   "n": 173
  }
 },
 "subperiod_2000s_vs_2010s_by_bandwidth": {
  "L5": -0.38967153865655707,
  "L15": -0.39816637088833723,
  "L35": -0.425214463855102,
  "L71": -0.3072726093544564
 },
 "subperiod_pre2000_obs_range": [
  73,
  954
 ],
 "bootstrap": {
  "B": 2000,
  "n": 173,
  "share_pct_interval_excludes_0_b12": 1.0,
  "share_pct_interval_excludes_0_b36": 1.0,
  "share_pct5_above_05_b36": 0.0,
  "share_pct_interval_entirely_below_05_b36": 0.05202312138728324,
  "median_pct_width_b36": 0.45494713591108943,
  "median_bootmean_minus_estimate_b36": 0.013157858856475246,
  "median_bootmean_over_estimate_b36": 1.0319590858586585,
  "share_basic_lo95_above_05_b36": 0.046242774566473986,
  "mc_se_at_p05": 0.004873397172404482
 },
 "quadrants": {
  "dsr_ge_0.9_ssr_ge_0.5": 54,
  "dsr_ge_0.9_ssr_lt_0.5": 92,
  "dsr_lt_0.9_ssr_ge_0.5": 1,
  "dsr_lt_0.9_ssr_lt_0.5": 26
 },
 "cassr_vs_ssr_rank_corr": 1.0,
 "psr0_min": 0.9993264006228846,
 "duplicate_return_paths": [
  [
   "simple-path-wealth/simple-path-100",
   "us-market-benchmark/us-market-100"
  ]
 ],
 "haa": {
  "months": 630,
  "n_windows": 595,
  "min_z_ann": 0.24995224422361892,
  "neg_share": 0.0,
  "rolling_start": "1977-02",
  "ssr_full": 0.5240657500479864,
  "ssr_2000": 0.8804095717840804
 },
 "named": {
  "haa/haa-standard": {
   "sharpe": 1.4883358247492673,
   "ssr": 0.5240657500479864,
   "mean_z_ann": 1.565945002408567,
   "naive_sd": 0.17093357673372211,
   "hac_sd": 0.8625814304731335,
   "neg_share": 0.0,
   "q_le05_b36": 0.128,
   "pct": [
    0.4395530698349688,
    0.8729021626991247
   ],
   "basic": [
    0.1752293373968481,
    0.608578430261004
   ],
   "bootmean": 0.6173051669672152
  },
  "momentum-correlation-triplet/mom-corr-triplet-standard": {
   "sharpe": 1.2367705311637738,
   "ssr": 0.9814204212139787,
   "mean_z_ann": 1.214368231818048,
   "naive_sd": 0.10247796431419443,
   "hac_sd": 0.35719443491313696,
   "neg_share": 0.0,
   "q_le05_b36": 0.091,
   "pct": [
    0.4367058606192815,
    1.1112877136796495
   ],
   "basic": [
    0.8515531287483078,
    1.5261349818086758
   ],
   "bootmean": 0.6902112543056056
  },
  "gem/gem-standard": {
   "sharpe": 0.9895627464695104,
   "ssr": 0.3944136053830825,
   "mean_z_ann": 1.007767940667201,
   "naive_sd": 0.16179448011731262,
   "hac_sd": 0.737595108134979,
   "neg_share": 0.0066518847006651885,
   "q_le05_b36": 0.902,
   "pct": [
    0.2621170046273145,
    0.5893686543914004
   ],
   "basic": [
    0.19945855637476462,
    0.5267102061388504
   ],
   "bootmean": 0.3924002616557941
  },
  "classic-60-40/classic-60-40-base": {
   "sharpe": 0.7283630094099199,
   "ssr": 0.2881892898739185,
   "mean_z_ann": 0.9878657212177012,
   "naive_sd": 0.20704327479504134,
   "hac_sd": 0.9895311174085732,
   "neg_share": 0.08436724565756824,
   "q_le05_b36": 1.0,
   "pct": [
    0.18595025413980573,
    0.38734258294577334
   ],
   "basic": [
    0.18903599680206368,
    0.3904283256080313
   ],
   "bootmean": 0.2769762571757716
  },
  "golden-butterfly/golden-butterfly-base": {
   "sharpe": 1.136411611700517,
   "ssr": 0.49590671616167,
   "mean_z_ann": 1.244221073889515,
   "naive_sd": 0.16657068779977152,
   "hac_sd": 0.7242807452796504,
   "neg_share": 0.0,
   "q_le05_b36": 0.611,
   "pct": [
    0.3159094430108978,
    0.7632051367449
   ],
   "basic": [
    0.22860829557843998,
    0.6759039893124421
   ],
   "bootmean": 0.4887228344711534
  },
  "S&P 500 (VFINX)": {
   "sharpe": 0.7543038334821952,
   "ssr": 0.29619310690329065,
   "mean_z_ann": 0.890723919311346,
   "naive_sd": 0.1851197015291755,
   "hac_sd": 0.8681155681923987,
   "neg_share": 0.09734513274336283
  },
  "US bonds (VBMFX)": {
   "sharpe": 0.9951595514753148,
   "ssr": 0.3238698629853235,
   "mean_z_ann": 1.3015727233291565,
   "naive_sd": 0.2415244352048857,
   "hac_sd": 1.1601316579091774,
   "neg_share": 0.08843537414965986
  },
  "Gold (GLD)": {
   "sharpe": 0.6748327156547226,
   "ssr": 0.20057717699718824,
   "mean_z_ann": 0.6072522775013033,
   "naive_sd": 0.19138710729292596,
   "hac_sd": 0.8739709849598332,
   "neg_share": 0.17699115044247787
  },
  "Long Treasuries (TLT)": {
   "sharpe": 0.3222129393292062,
   "ssr": 0.15152989498584635,
   "mean_z_ann": 0.35073474149582295,
   "naive_sd": 0.14499816092444295,
   "hac_sd": 0.6681744134900952,
   "neg_share": 0.1889763779527559
  },
  "Nasdaq 100 (QQQ)": {
   "sharpe": 0.5562504225643439,
   "ssr": 0.26678210687926357,
   "mean_z_ann": 0.7931866925292489,
   "naive_sd": 0.18385494336836877,
   "hac_sd": 0.8582782327613929,
   "neg_share": 0.12585034013605442
  },
  "Long Treasuries (VUSTX)": {
   "sharpe": 0.49874169610953817,
   "ssr": 0.23155477627651042,
   "mean_z_ann": 0.655622638481474,
   "naive_sd": 0.1687112230157887,
   "hac_sd": 0.8173528374169198,
   "neg_share": 0.12723214285714285
  },
  "60/40 (VFINX/VBMFX)": {
   "sharpe": 0.9279346864786003,
   "ssr": 0.33466663093168547,
   "mean_z_ann": 1.0913150514348133,
   "naive_sd": 0.2011088866530428,
   "hac_sd": 0.9413412938160458,
   "neg_share": 0.07482993197278912
  }
 },
 "sensitivity_inclusion": {
  "n": 176,
  "median": 0.44386659203493506,
  "above_0.5": 58,
  "spearman_sharpe": 0.6734555067747158,
  "subperiod_2000s_vs_2010s": -0.42286769241792704,
  "subperiod_2010s_vs_2020s": 0.08584094853725352
 },
 "sensitivity_partial_month": {
  "median_with_partial": 0.43757252407742425,
  "above_0.5_with_partial": 57,
  "rank_corr": 0.9999211980674986,
  "max_abs_diff": 0.01338350127585397
 },
 "stored_vs_recomputed_monthly_sharpe_max_abs_diff": 0.0016574993291870732
}
